Archive member included to satisfy reference by file (symbol)

c:/program files (x86)/microchip/xc8/v2.05/avr/bin/../lib/gcc/avr/5.4.0/avrxmega3\libgcc.a(_exit.o)
                              C:/Program Files (x86)/Microchip/MPLABX/v5.20/packs/Microchip/ATmega_DFP/2.0.12/gcc/dev/atmega4809/avrxmega3/crtatmega4809.o (exit)
c:/program files (x86)/microchip/xc8/v2.05/avr/bin/../lib/gcc/avr/5.4.0/avrxmega3\libgcc.a(_copy_data.o)
                              build/default/production/mcc_generated_files/device_config.o (__do_copy_data)

Discarded input sections

 .data          0x00000000        0x0 C:/Program Files (x86)/Microchip/MPLABX/v5.20/packs/Microchip/ATmega_DFP/2.0.12/gcc/dev/atmega4809/avrxmega3/crtatmega4809.o
 .bss           0x00000000        0x0 C:/Program Files (x86)/Microchip/MPLABX/v5.20/packs/Microchip/ATmega_DFP/2.0.12/gcc/dev/atmega4809/avrxmega3/crtatmega4809.o
 .text          0x00000000        0x0 build/default/production/mcc_generated_files/src/pin_manager.o
 .data          0x00000000        0x0 build/default/production/mcc_generated_files/src/pin_manager.o
 .bss           0x00000000        0x0 build/default/production/mcc_generated_files/src/pin_manager.o
 .text          0x00000000        0x0 build/default/production/mcc_generated_files/src/cpuint.o
 .data          0x00000000        0x0 build/default/production/mcc_generated_files/src/cpuint.o
 .bss           0x00000000        0x0 build/default/production/mcc_generated_files/src/cpuint.o
 .text          0x00000000        0x0 build/default/production/mcc_generated_files/src/wdt.o
 .data          0x00000000        0x0 build/default/production/mcc_generated_files/src/wdt.o
 .bss           0x00000000        0x0 build/default/production/mcc_generated_files/src/wdt.o
 .text          0x00000000        0x0 build/default/production/mcc_generated_files/src/protected_io.o
 .data          0x00000000        0x0 build/default/production/mcc_generated_files/src/protected_io.o
 .bss           0x00000000        0x0 build/default/production/mcc_generated_files/src/protected_io.o
 .text          0x00000000        0x0 build/default/production/mcc_generated_files/src/clkctrl.o
 .data          0x00000000        0x0 build/default/production/mcc_generated_files/src/clkctrl.o
 .bss           0x00000000        0x0 build/default/production/mcc_generated_files/src/clkctrl.o
 .text          0x00000000        0x0 build/default/production/mcc_generated_files/mcc.o
 .data          0x00000000        0x0 build/default/production/mcc_generated_files/mcc.o
 .bss           0x00000000        0x0 build/default/production/mcc_generated_files/mcc.o
 .text          0x00000000        0x0 build/default/production/main.o
 .data          0x00000000        0x0 build/default/production/main.o
 .bss           0x00000000        0x0 build/default/production/main.o
 .text          0x00000000        0x0 build/default/production/mcc_generated_files/src/system.o
 .data          0x00000000        0x0 build/default/production/mcc_generated_files/src/system.o
 .bss           0x00000000        0x0 build/default/production/mcc_generated_files/src/system.o
 .text          0x00000000        0x0 build/default/production/mcc_generated_files/driver_isr.o
 .data          0x00000000        0x0 build/default/production/mcc_generated_files/driver_isr.o
 .bss           0x00000000        0x0 build/default/production/mcc_generated_files/driver_isr.o
 .text          0x00000000        0x0 build/default/production/mcc_generated_files/src/slpctrl.o
 .data          0x00000000        0x0 build/default/production/mcc_generated_files/src/slpctrl.o
 .bss           0x00000000        0x0 build/default/production/mcc_generated_files/src/slpctrl.o
 .text          0x00000000        0x0 build/default/production/mcc_generated_files/device_config.o
 .data          0x00000000        0x0 build/default/production/mcc_generated_files/device_config.o
 .bss           0x00000000        0x0 build/default/production/mcc_generated_files/device_config.o
 .text          0x00000000        0x0 build/default/production/mcc_generated_files/src/bod.o
 .data          0x00000000        0x0 build/default/production/mcc_generated_files/src/bod.o
 .bss           0x00000000        0x0 build/default/production/mcc_generated_files/src/bod.o
 .text          0x00000000        0x0 build/default/production/mcc_generated_files/src/tca0.o
 .data          0x00000000        0x0 build/default/production/mcc_generated_files/src/tca0.o
 .bss           0x00000000        0x0 build/default/production/mcc_generated_files/src/tca0.o
 .text          0x00000000        0x0 c:/program files (x86)/microchip/xc8/v2.05/avr/bin/../lib/gcc/avr/5.4.0/avrxmega3\libgcc.a(_exit.o)
 .data          0x00000000        0x0 c:/program files (x86)/microchip/xc8/v2.05/avr/bin/../lib/gcc/avr/5.4.0/avrxmega3\libgcc.a(_exit.o)
 .bss           0x00000000        0x0 c:/program files (x86)/microchip/xc8/v2.05/avr/bin/../lib/gcc/avr/5.4.0/avrxmega3\libgcc.a(_exit.o)
 .text.libgcc.mul
                0x00000000        0x0 c:/program files (x86)/microchip/xc8/v2.05/avr/bin/../lib/gcc/avr/5.4.0/avrxmega3\libgcc.a(_exit.o)
 .text.libgcc.div
                0x00000000        0x0 c:/program files (x86)/microchip/xc8/v2.05/avr/bin/../lib/gcc/avr/5.4.0/avrxmega3\libgcc.a(_exit.o)
 .text.libgcc   0x00000000        0x0 c:/program files (x86)/microchip/xc8/v2.05/avr/bin/../lib/gcc/avr/5.4.0/avrxmega3\libgcc.a(_exit.o)
 .text.libgcc.prologue
                0x00000000        0x0 c:/program files (x86)/microchip/xc8/v2.05/avr/bin/../lib/gcc/avr/5.4.0/avrxmega3\libgcc.a(_exit.o)
 .text.libgcc.builtins
                0x00000000        0x0 c:/program files (x86)/microchip/xc8/v2.05/avr/bin/../lib/gcc/avr/5.4.0/avrxmega3\libgcc.a(_exit.o)
 .text.libgcc.fmul
                0x00000000        0x0 c:/program files (x86)/microchip/xc8/v2.05/avr/bin/../lib/gcc/avr/5.4.0/avrxmega3\libgcc.a(_exit.o)
 .text.libgcc.fixed
                0x00000000        0x0 c:/program files (x86)/microchip/xc8/v2.05/avr/bin/../lib/gcc/avr/5.4.0/avrxmega3\libgcc.a(_exit.o)
 .text          0x00000000        0x0 c:/program files (x86)/microchip/xc8/v2.05/avr/bin/../lib/gcc/avr/5.4.0/avrxmega3\libgcc.a(_copy_data.o)
 .data          0x00000000        0x0 c:/program files (x86)/microchip/xc8/v2.05/avr/bin/../lib/gcc/avr/5.4.0/avrxmega3\libgcc.a(_copy_data.o)
 .bss           0x00000000        0x0 c:/program files (x86)/microchip/xc8/v2.05/avr/bin/../lib/gcc/avr/5.4.0/avrxmega3\libgcc.a(_copy_data.o)
 .text.libgcc.mul
                0x00000000        0x0 c:/program files (x86)/microchip/xc8/v2.05/avr/bin/../lib/gcc/avr/5.4.0/avrxmega3\libgcc.a(_copy_data.o)
 .text.libgcc.div
                0x00000000        0x0 c:/program files (x86)/microchip/xc8/v2.05/avr/bin/../lib/gcc/avr/5.4.0/avrxmega3\libgcc.a(_copy_data.o)
 .text.libgcc   0x00000000        0x0 c:/program files (x86)/microchip/xc8/v2.05/avr/bin/../lib/gcc/avr/5.4.0/avrxmega3\libgcc.a(_copy_data.o)
 .text.libgcc.prologue
                0x00000000        0x0 c:/program files (x86)/microchip/xc8/v2.05/avr/bin/../lib/gcc/avr/5.4.0/avrxmega3\libgcc.a(_copy_data.o)
 .text.libgcc.builtins
                0x00000000        0x0 c:/program files (x86)/microchip/xc8/v2.05/avr/bin/../lib/gcc/avr/5.4.0/avrxmega3\libgcc.a(_copy_data.o)
 .text.libgcc.fmul
                0x00000000        0x0 c:/program files (x86)/microchip/xc8/v2.05/avr/bin/../lib/gcc/avr/5.4.0/avrxmega3\libgcc.a(_copy_data.o)
 .text.libgcc.fixed
                0x00000000        0x0 c:/program files (x86)/microchip/xc8/v2.05/avr/bin/../lib/gcc/avr/5.4.0/avrxmega3\libgcc.a(_copy_data.o)

Memory Configuration

Name             Origin             Length             Attributes
text             0x00000000         0x0000c000         xr
data             0x00802800         0x00001800         rw !x
eeprom           0x00810000         0x00000100         rw !x
fuse             0x00820000         0x00000009         rw !x
lock             0x00830000         0x00000400         rw !x
signature        0x00840000         0x00000400         rw !x
user_signatures  0x00850000         0x00000400         rw !x
*default*        0x00000000         0xffffffff

Linker script and memory map

Address of section .data set to 0x802800
                0x00004000                __RODATA_PM_OFFSET__ = 0x4000
LOAD C:/Program Files (x86)/Microchip/MPLABX/v5.20/packs/Microchip/ATmega_DFP/2.0.12/gcc/dev/atmega4809/avrxmega3/crtatmega4809.o
                0x00000001                __MPLAB_BUILD = 0x1
LOAD build/default/production/mcc_generated_files/src/pin_manager.o
LOAD build/default/production/mcc_generated_files/src/cpuint.o
LOAD build/default/production/mcc_generated_files/src/wdt.o
LOAD build/default/production/mcc_generated_files/src/protected_io.o
LOAD build/default/production/mcc_generated_files/src/clkctrl.o
LOAD build/default/production/mcc_generated_files/mcc.o
LOAD build/default/production/main.o
LOAD build/default/production/mcc_generated_files/src/system.o
LOAD build/default/production/mcc_generated_files/driver_isr.o
LOAD build/default/production/mcc_generated_files/src/slpctrl.o
LOAD build/default/production/mcc_generated_files/device_config.o
LOAD build/default/production/mcc_generated_files/src/bod.o
LOAD build/default/production/mcc_generated_files/src/tca0.o
START GROUP
LOAD c:/program files (x86)/microchip/xc8/v2.05/avr/bin/../lib/gcc/avr/5.4.0/../../../../avr/lib/avrxmega3\libm.a
END GROUP
START GROUP
LOAD c:/program files (x86)/microchip/xc8/v2.05/avr/bin/../lib/gcc/avr/5.4.0/avrxmega3\libgcc.a
LOAD c:/program files (x86)/microchip/xc8/v2.05/avr/bin/../lib/gcc/avr/5.4.0/../../../../avr/lib/avrxmega3\libm.a
LOAD c:/program files (x86)/microchip/xc8/v2.05/avr/bin/../lib/gcc/avr/5.4.0/../../../../avr/lib/avrxmega3\libc.a
LOAD C:/Program Files (x86)/Microchip/MPLABX/v5.20/packs/Microchip/ATmega_DFP/2.0.12/gcc/dev/atmega4809/avrxmega3\libatmega4809.a
END GROUP
                [0x00000000]                __TEXT_REGION_ORIGIN__ = DEFINED (__TEXT_REGION_ORIGIN__)?__TEXT_REGION_ORIGIN__:0x0
                [0x00802800]                __DATA_REGION_ORIGIN__ = DEFINED (__DATA_REGION_ORIGIN__)?__DATA_REGION_ORIGIN__:0x802000
                [0x0000c000]                __TEXT_REGION_LENGTH__ = DEFINED (__TEXT_REGION_LENGTH__)?__TEXT_REGION_LENGTH__:0x100000
                [0x00001800]                __DATA_REGION_LENGTH__ = DEFINED (__DATA_REGION_LENGTH__)?__DATA_REGION_LENGTH__:0xffa0
                [0x00000100]                __EEPROM_REGION_LENGTH__ = DEFINED (__EEPROM_REGION_LENGTH__)?__EEPROM_REGION_LENGTH__:0x10000
                [0x00000009]                __FUSE_REGION_LENGTH__ = DEFINED (__FUSE_REGION_LENGTH__)?__FUSE_REGION_LENGTH__:0x400
                0x00000400                __LOCK_REGION_LENGTH__ = DEFINED (__LOCK_REGION_LENGTH__)?__LOCK_REGION_LENGTH__:0x400
                0x00000400                __SIGNATURE_REGION_LENGTH__ = DEFINED (__SIGNATURE_REGION_LENGTH__)?__SIGNATURE_REGION_LENGTH__:0x400
                0x00000400                __USER_SIGNATURE_REGION_LENGTH__ = DEFINED (__USER_SIGNATURE_REGION_LENGTH__)?__USER_SIGNATURE_REGION_LENGTH__:0x400
                0x00008000                __RODATA_PM_OFFSET__ = DEFINED (__RODATA_PM_OFFSET__)?__RODATA_PM_OFFSET__:0x8000

.hash
 *(.hash)

.dynsym
 *(.dynsym)

.dynstr
 *(.dynstr)

.gnu.version
 *(.gnu.version)

.gnu.version_d
 *(.gnu.version_d)

.gnu.version_r
 *(.gnu.version_r)

.rel.init
 *(.rel.init)

.rela.init
 *(.rela.init)

.rel.text
 *(.rel.text)
 *(.rel.text.*)
 *(.rel.gnu.linkonce.t*)

.rela.text
 *(.rela.text)
 *(.rela.text.*)
 *(.rela.gnu.linkonce.t*)

.rel.fini
 *(.rel.fini)

.rela.fini
 *(.rela.fini)

.rel.rodata
 *(.rel.rodata)
 *(.rel.rodata.*)
 *(.rel.gnu.linkonce.r*)

.rela.rodata
 *(.rela.rodata)
 *(.rela.rodata.*)
 *(.rela.gnu.linkonce.r*)

.rel.data
 *(.rel.data)
 *(.rel.data.*)
 *(.rel.gnu.linkonce.d*)

.rela.data
 *(.rela.data)
 *(.rela.data.*)
 *(.rela.gnu.linkonce.d*)

.rel.ctors
 *(.rel.ctors)

.rela.ctors
 *(.rela.ctors)

.rel.dtors
 *(.rel.dtors)

.rela.dtors
 *(.rela.dtors)

.rel.got
 *(.rel.got)

.rela.got
 *(.rela.got)

.rel.bss
 *(.rel.bss)

.rela.bss
 *(.rela.bss)

.rel.plt
 *(.rel.plt)

.rela.plt
 *(.rela.plt)

.text           0x00000000       0xf4
 *(.vectors)
 .vectors       0x00000000       0xa0 C:/Program Files (x86)/Microchip/MPLABX/v5.20/packs/Microchip/ATmega_DFP/2.0.12/gcc/dev/atmega4809/avrxmega3/crtatmega4809.o
                0x00000000                __vector_default
                0x00000000                __vectors
 *(.vectors)
 *(.progmem.gcc*)
 *(.dinit)
 .dinit         0x000000a0        0x0 data_init
                0x000000a0                . = ALIGN (0x2)
                0x000000a0                __trampolines_start = .
 *(.trampolines)
 .trampolines   0x000000a0        0x0 linker stubs
 *(.trampolines*)
                0x000000a0                __trampolines_end = .
 *libprintf_flt.a:*(.progmem.data)
 *libc.a:*(.progmem.data)
                0x000000a0                . = ALIGN (0x2)
 *(.jumptables)
 *(.jumptables*)
 *(.lowtext)
 *(.lowtext*)
                0x000000a0                __ctors_start = .
 *(.ctors)
                0x000000a0                __ctors_end = .
                0x000000a0                __dtors_start = .
 *(.dtors)
                0x000000a0                __dtors_end = .
 SORT(*)(.ctors)
 SORT(*)(.dtors)
 *(.init0)
 .init0         0x000000a0        0x0 C:/Program Files (x86)/Microchip/MPLABX/v5.20/packs/Microchip/ATmega_DFP/2.0.12/gcc/dev/atmega4809/avrxmega3/crtatmega4809.o
                0x000000a0                __init
 *(.init0)
 *(.init1)
 *(.init1)
 *(.init2)
 .init2         0x000000a0        0xc C:/Program Files (x86)/Microchip/MPLABX/v5.20/packs/Microchip/ATmega_DFP/2.0.12/gcc/dev/atmega4809/avrxmega3/crtatmega4809.o
 *(.init2)
 *(.init3)
 *(.init3)
 *(.init4)
 .init4         0x000000ac       0x3c c:/program files (x86)/microchip/xc8/v2.05/avr/bin/../lib/gcc/avr/5.4.0/avrxmega3\libgcc.a(_copy_data.o)
                0x000000ac                __do_copy_data
                0x000000da                __do_clear_bss
 *(.init4)
 *(.init5)
 *(.init5)
 *(.init6)
 *(.init6)
 *(.init7)
 *(.init7)
 *(.init8)
 *(.init8)
 *(.init9)
 .init9         0x000000e8        0x8 C:/Program Files (x86)/Microchip/MPLABX/v5.20/packs/Microchip/ATmega_DFP/2.0.12/gcc/dev/atmega4809/avrxmega3/crtatmega4809.o
 *(.init9)
                0x000000f0                . = ALIGN (0x2)
 *(.fini9)
 .fini9         0x000000f0        0x0 c:/program files (x86)/microchip/xc8/v2.05/avr/bin/../lib/gcc/avr/5.4.0/avrxmega3\libgcc.a(_exit.o)
                0x000000f0                _exit
                0x000000f0                exit
 *(.fini9)
 *(.fini8)
 *(.fini8)
 *(.fini7)
 *(.fini7)
 *(.fini6)
 *(.fini6)
 *(.fini5)
 *(.fini5)
 *(.fini4)
 *(.fini4)
 *(.fini3)
 *(.fini3)
 *(.fini2)
 *(.fini2)
 *(.fini1)
 *(.fini1)
 *(.fini0)
 .fini0         0x000000f0        0x4 c:/program files (x86)/microchip/xc8/v2.05/avr/bin/../lib/gcc/avr/5.4.0/avrxmega3\libgcc.a(_exit.o)
 *(.fini0)
                0x000000f4                _etext = .

.rodata
 *(.rodata)
 *(.rodata*)
 *(.gnu.linkonce.r*)

.data           0x00802800        0x0 load address 0x000000f4
                [!provide]                PROVIDE (__data_start, .)
 *(.gnu.linkonce.d*)
                0x00802800                . = ALIGN (0x2)
                0x00802800                _edata = .
                [!provide]                PROVIDE (__data_end, .)

.bss            0x00802800        0x0
                [!provide]                PROVIDE (__bss_start, .)
 *(COMMON)
                [!provide]                PROVIDE (__bss_end, .)
                0x000000f4                __data_load_start = LOADADDR (.data)
                0x000000f4                __data_load_end = (__data_load_start + SIZEOF (.data))

.noinit         0x00802800        0x0
                [!provide]                PROVIDE (__noinit_start, .)
 *(.noinit*)
                [!provide]                PROVIDE (__noinit_end, .)
                0x00802800                _end = .

.eeprom         0x00810000        0x0
 *(.eeprom*)
                0x00810000                __eeprom_end = .

.fuse           0x00820000        0x9
 *(.fuse)
 .fuse          0x00820000        0x9 build/default/production/mcc_generated_files/device_config.o
                0x00820000                __fuse
 *(.lfuse)
 *(.hfuse)
 *(.efuse)

.lock
 *(.lock*)

.signature
 *(.signature*)

.user_signatures
 *(.user_signatures*)

.stab
 *(.stab)

.stabstr
 *(.stabstr)

.stab.excl
 *(.stab.excl)

.stab.exclstr
 *(.stab.exclstr)

.stab.index
 *(.stab.index)

.stab.indexstr
 *(.stab.indexstr)

.comment        0x00000000       0x2f
 *(.comment)
 .comment       0x00000000       0x2f build/default/production/mcc_generated_files/src/pin_manager.o
                                 0x30 (size before relaxing)
 .comment       0x0000002f       0x30 build/default/production/mcc_generated_files/src/cpuint.o
 .comment       0x0000002f       0x30 build/default/production/mcc_generated_files/src/wdt.o
 .comment       0x0000002f       0x30 build/default/production/mcc_generated_files/src/clkctrl.o
 .comment       0x0000002f       0x30 build/default/production/mcc_generated_files/mcc.o
 .comment       0x0000002f       0x30 build/default/production/main.o
 .comment       0x0000002f       0x30 build/default/production/mcc_generated_files/src/system.o
 .comment       0x0000002f       0x30 build/default/production/mcc_generated_files/driver_isr.o
 .comment       0x0000002f       0x30 build/default/production/mcc_generated_files/src/slpctrl.o
 .comment       0x0000002f       0x30 build/default/production/mcc_generated_files/device_config.o
 .comment       0x0000002f       0x30 build/default/production/mcc_generated_files/src/bod.o
 .comment       0x0000002f       0x30 build/default/production/mcc_generated_files/src/tca0.o

.note.gnu.build-id
 *(.note.gnu.build-id)

.debug
 *(.debug)

.line
 *(.line)

.debug_srcinfo
 *(.debug_srcinfo)

.debug_sfnames
 *(.debug_sfnames)

.debug_aranges  0x00000000      0x1b8
 *(.debug_aranges)
 .debug_aranges
                0x00000000       0x20 build/default/production/mcc_generated_files/src/pin_manager.o
 .debug_aranges
                0x00000020       0x20 build/default/production/mcc_generated_files/src/cpuint.o
 .debug_aranges
                0x00000040       0x20 build/default/production/mcc_generated_files/src/wdt.o
 .debug_aranges
                0x00000060       0x20 build/default/production/mcc_generated_files/src/protected_io.o
 .debug_aranges
                0x00000080       0x20 build/default/production/mcc_generated_files/src/clkctrl.o
 .debug_aranges
                0x000000a0       0x20 build/default/production/mcc_generated_files/mcc.o
 .debug_aranges
                0x000000c0       0x20 build/default/production/main.o
 .debug_aranges
                0x000000e0       0x20 build/default/production/mcc_generated_files/src/system.o
 .debug_aranges
                0x00000100       0x38 build/default/production/mcc_generated_files/driver_isr.o
 .debug_aranges
                0x00000138       0x20 build/default/production/mcc_generated_files/src/slpctrl.o
 .debug_aranges
                0x00000158       0x18 build/default/production/mcc_generated_files/device_config.o
 .debug_aranges
                0x00000170       0x28 build/default/production/mcc_generated_files/src/bod.o
 .debug_aranges
                0x00000198       0x20 build/default/production/mcc_generated_files/src/tca0.o

.debug_pubnames
 *(.debug_pubnames)

.debug_info     0x00000000     0x7b1b
 *(.debug_info .gnu.linkonce.wi.*)
 .debug_info    0x00000000     0x248a C:/Program Files (x86)/Microchip/MPLABX/v5.20/packs/Microchip/ATmega_DFP/2.0.12/gcc/dev/atmega4809/avrxmega3/crtatmega4809.o
 .debug_info    0x0000248a     0x131f build/default/production/mcc_generated_files/src/pin_manager.o
 .debug_info    0x000037a9      0x268 build/default/production/mcc_generated_files/src/cpuint.o
 .debug_info    0x00003a11      0x262 build/default/production/mcc_generated_files/src/wdt.o
 .debug_info    0x00003c73       0x79 build/default/production/mcc_generated_files/src/protected_io.o
 .debug_info    0x00003cec      0x74c build/default/production/mcc_generated_files/src/clkctrl.o
 .debug_info    0x00004438      0x30c build/default/production/mcc_generated_files/mcc.o
 .debug_info    0x00004744      0x256 build/default/production/main.o
 .debug_info    0x0000499a      0x5a5 build/default/production/mcc_generated_files/src/system.o
 .debug_info    0x00004f3f      0xf1d build/default/production/mcc_generated_files/driver_isr.o
 .debug_info    0x00005e5c      0x26a build/default/production/mcc_generated_files/src/slpctrl.o
 .debug_info    0x000060c6      0x7cd build/default/production/mcc_generated_files/device_config.o
 .debug_info    0x00006893      0x527 build/default/production/mcc_generated_files/src/bod.o
 .debug_info    0x00006dba      0xd61 build/default/production/mcc_generated_files/src/tca0.o

.debug_abbrev   0x00000000     0x2b10
 *(.debug_abbrev)
 .debug_abbrev  0x00000000     0x2296 C:/Program Files (x86)/Microchip/MPLABX/v5.20/packs/Microchip/ATmega_DFP/2.0.12/gcc/dev/atmega4809/avrxmega3/crtatmega4809.o
 .debug_abbrev  0x00002296      0x16d build/default/production/mcc_generated_files/src/pin_manager.o
 .debug_abbrev  0x00002403       0x46 build/default/production/mcc_generated_files/src/cpuint.o
 .debug_abbrev  0x00002449       0x46 build/default/production/mcc_generated_files/src/wdt.o
 .debug_abbrev  0x0000248f       0x14 build/default/production/mcc_generated_files/src/protected_io.o
 .debug_abbrev  0x000024a3       0xfa build/default/production/mcc_generated_files/src/clkctrl.o
 .debug_abbrev  0x0000259d       0x6a build/default/production/mcc_generated_files/mcc.o
 .debug_abbrev  0x00002607       0x5d build/default/production/main.o
 .debug_abbrev  0x00002664       0xaa build/default/production/mcc_generated_files/src/system.o
 .debug_abbrev  0x0000270e      0x13e build/default/production/mcc_generated_files/driver_isr.o
 .debug_abbrev  0x0000284c       0x46 build/default/production/mcc_generated_files/src/slpctrl.o
 .debug_abbrev  0x00002892       0x85 build/default/production/mcc_generated_files/device_config.o
 .debug_abbrev  0x00002917      0x112 build/default/production/mcc_generated_files/src/bod.o
 .debug_abbrev  0x00002a29       0xe7 build/default/production/mcc_generated_files/src/tca0.o

.debug_line     0x00000000      0xf2a
 *(.debug_line .debug_line.* .debug_line_end)
 .debug_line    0x00000000      0x187 C:/Program Files (x86)/Microchip/MPLABX/v5.20/packs/Microchip/ATmega_DFP/2.0.12/gcc/dev/atmega4809/avrxmega3/crtatmega4809.o
 .debug_line    0x00000187      0x1e9 build/default/production/mcc_generated_files/src/pin_manager.o
 .debug_line    0x00000370       0xa1 build/default/production/mcc_generated_files/src/cpuint.o
 .debug_line    0x00000411       0x98 build/default/production/mcc_generated_files/src/wdt.o
 .debug_line    0x000004a9       0x66 build/default/production/mcc_generated_files/src/protected_io.o
 .debug_line    0x0000050f      0x17b build/default/production/mcc_generated_files/src/clkctrl.o
 .debug_line    0x0000068a       0xf2 build/default/production/mcc_generated_files/mcc.o
 .debug_line    0x0000077c       0x5d build/default/production/main.o
 .debug_line    0x000007d9      0x182 build/default/production/mcc_generated_files/src/system.o
 .debug_line    0x0000095b      0x1a1 build/default/production/mcc_generated_files/driver_isr.o
 .debug_line    0x00000afc       0x9c build/default/production/mcc_generated_files/src/slpctrl.o
 .debug_line    0x00000b98       0xf1 build/default/production/mcc_generated_files/device_config.o
 .debug_line    0x00000c89      0x193 build/default/production/mcc_generated_files/src/bod.o
 .debug_line    0x00000e1c      0x10e build/default/production/mcc_generated_files/src/tca0.o

.debug_frame    0x00000000      0x21c
 *(.debug_frame)
 .debug_frame   0x00000000       0x24 build/default/production/mcc_generated_files/src/pin_manager.o
 .debug_frame   0x00000024       0x24 build/default/production/mcc_generated_files/src/cpuint.o
 .debug_frame   0x00000048       0x24 build/default/production/mcc_generated_files/src/wdt.o
 .debug_frame   0x0000006c       0x24 build/default/production/mcc_generated_files/src/clkctrl.o
 .debug_frame   0x00000090       0x24 build/default/production/mcc_generated_files/mcc.o
 .debug_frame   0x000000b4       0x24 build/default/production/main.o
 .debug_frame   0x000000d8       0x24 build/default/production/mcc_generated_files/src/system.o
 .debug_frame   0x000000fc       0x94 build/default/production/mcc_generated_files/driver_isr.o
 .debug_frame   0x00000190       0x24 build/default/production/mcc_generated_files/src/slpctrl.o
 .debug_frame   0x000001b4       0x44 build/default/production/mcc_generated_files/src/bod.o
 .debug_frame   0x000001f8       0x24 build/default/production/mcc_generated_files/src/tca0.o

.debug_str      0x00000000     0x1476
 *(.debug_str)
 .debug_str     0x00000000      0xf85 C:/Program Files (x86)/Microchip/MPLABX/v5.20/packs/Microchip/ATmega_DFP/2.0.12/gcc/dev/atmega4809/avrxmega3/crtatmega4809.o
 .debug_str     0x00000f85       0x76 build/default/production/mcc_generated_files/src/pin_manager.o
 .debug_str     0x00000ffb        0x0 build/default/production/mcc_generated_files/src/cpuint.o
 .debug_str     0x00000ffb        0x0 build/default/production/mcc_generated_files/src/wdt.o
 .debug_str     0x00000ffb       0x13 build/default/production/mcc_generated_files/src/clkctrl.o
 .debug_str     0x0000100e       0x63 build/default/production/mcc_generated_files/mcc.o
 .debug_str     0x00001071       0x12 build/default/production/main.o
 .debug_str     0x00001083        0x0 build/default/production/mcc_generated_files/src/system.o
 .debug_str     0x00001083      0x1f7 build/default/production/mcc_generated_files/driver_isr.o
 .debug_str     0x0000127a        0x0 build/default/production/mcc_generated_files/src/slpctrl.o
 .debug_str     0x0000127a        0x0 build/default/production/mcc_generated_files/device_config.o
 .debug_str     0x0000127a       0x13 build/default/production/mcc_generated_files/src/bod.o
 .debug_str     0x0000128d      0x1e9 build/default/production/mcc_generated_files/src/tca0.o

.debug_loc      0x00000000      0x4a2
 *(.debug_loc)
 .debug_loc     0x00000000      0x3c4 build/default/production/mcc_generated_files/src/pin_manager.o
 .debug_loc     0x000003c4       0x29 build/default/production/mcc_generated_files/src/clkctrl.o
 .debug_loc     0x000003ed       0x78 build/default/production/mcc_generated_files/src/system.o
 .debug_loc     0x00000465       0x14 build/default/production/mcc_generated_files/driver_isr.o
 .debug_loc     0x00000479       0x29 build/default/production/mcc_generated_files/src/bod.o

.debug_macinfo
 *(.debug_macinfo)

.debug_weaknames
 *(.debug_weaknames)

.debug_funcnames
 *(.debug_funcnames)

.debug_typenames
 *(.debug_typenames)

.debug_varnames
 *(.debug_varnames)

.debug_pubtypes
 *(.debug_pubtypes)

.debug_ranges   0x00000000       0xd0
 *(.debug_ranges)
 .debug_ranges  0x00000000       0x10 build/default/production/mcc_generated_files/src/pin_manager.o
 .debug_ranges  0x00000010       0x10 build/default/production/mcc_generated_files/src/cpuint.o
 .debug_ranges  0x00000020       0x10 build/default/production/mcc_generated_files/src/wdt.o
 .debug_ranges  0x00000030       0x10 build/default/production/mcc_generated_files/src/clkctrl.o
 .debug_ranges  0x00000040       0x10 build/default/production/mcc_generated_files/mcc.o
 .debug_ranges  0x00000050       0x10 build/default/production/main.o
 .debug_ranges  0x00000060       0x10 build/default/production/mcc_generated_files/src/system.o
 .debug_ranges  0x00000070       0x28 build/default/production/mcc_generated_files/driver_isr.o
 .debug_ranges  0x00000098       0x10 build/default/production/mcc_generated_files/src/slpctrl.o
 .debug_ranges  0x000000a8       0x18 build/default/production/mcc_generated_files/src/bod.o
 .debug_ranges  0x000000c0       0x10 build/default/production/mcc_generated_files/src/tca0.o

.debug_macro
 *(.debug_macro)
OUTPUT(dist/default/production/ledfinalul.X.production.elf elf32-avr)
LOAD linker stubs
LOAD data_init

.text           0x000002e0        0x4
 .text          0x000002e0        0x4 C:/Program Files (x86)/Microchip/MPLABX/v5.20/packs/Microchip/ATmega_DFP/2.0.12/gcc/dev/atmega4809/avrxmega3/crtatmega4809.o
                0x000002e0                __vector_38
                0x000002e0                __vector_22
                0x000002e0                __vector_28
                0x000002e0                __vector_1
                0x000002e0                __vector_32
                0x000002e0                __vector_34
                0x000002e0                __vector_24
                0x000002e0                __vector_12
                0x000002e0                __bad_interrupt
                0x000002e0                __vector_6
                0x000002e0                __vector_31
                0x000002e0                __vector_35
                0x000002e0                __vector_39
                0x000002e0                __vector_3
                0x000002e0                __vector_23
                0x000002e0                __vector_30
                0x000002e0                __vector_25
                0x000002e0                __vector_13
                0x000002e0                __vector_17
                0x000002e0                __vector_19
                0x000002e0                __vector_27
                0x000002e0                __vector_5
                0x000002e0                __vector_33
                0x000002e0                __vector_37
                0x000002e0                __vector_4
                0x000002e0                __vector_21
                0x000002e0                __vector_15
                0x000002e0                __vector_36
                0x000002e0                __vector_29
                0x000002e0                __vector_8
                0x000002e0                __vector_26
                0x000002e0                __vector_14
                0x000002e0                __vector_16
                0x000002e0                __vector_18
                0x000002e0                __vector_20

.note.gnu.avr.deviceinfo
                0x00000000       0x40
 .note.gnu.avr.deviceinfo
                0x00000000       0x40 C:/Program Files (x86)/Microchip/MPLABX/v5.20/packs/Microchip/ATmega_DFP/2.0.12/gcc/dev/atmega4809/avrxmega3/crtatmega4809.o

.text.PIN_MANAGER_Initialize
                0x000000f4       0x7a
 .text.PIN_MANAGER_Initialize
                0x000000f4       0x7a build/default/production/mcc_generated_files/src/pin_manager.o
                0x000000f4                PIN_MANAGER_Initialize

.text.CPUINT_init
                0x000002da        0x6
 .text.CPUINT_init
                0x000002da        0x6 build/default/production/mcc_generated_files/src/cpuint.o
                0x000002da                CPUINT_init

.text.WDT_init  0x000002e4        0x4
 .text.WDT_init
                0x000002e4        0x4 build/default/production/mcc_generated_files/src/wdt.o
                0x000002e4                WDT_init

.text.protected_write_io
                0x000002ca        0x8
 .text.protected_write_io
                0x000002ca        0x8 build/default/production/mcc_generated_files/src/protected_io.o
                0x000002ca                protected_write_io

.text.CLKCTRL_init
                0x0000029a       0x10
 .text.CLKCTRL_init
                0x0000029a       0x10 build/default/production/mcc_generated_files/src/clkctrl.o
                0x0000029a                CLKCTRL_init

.text.SYSTEM_Initialize
                0x00000200       0x22
 .text.SYSTEM_Initialize
                0x00000200       0x22 build/default/production/mcc_generated_files/mcc.o
                0x00000200                SYSTEM_Initialize

.text.main      0x000002d2        0x8
 .text.main     0x000002d2        0x8 build/default/production/main.o
                0x000002d2                main

.text.mcu_init  0x0000016e       0x6e
 .text.mcu_init
                0x0000016e       0x6e build/default/production/mcc_generated_files/src/system.o
                0x0000016e                mcu_init

.text.__vector_9
                0x00000222       0x1e
 .text.__vector_9
                0x00000222       0x1e build/default/production/mcc_generated_files/driver_isr.o
                0x00000222                __vector_9

.text.__vector_10
                0x00000240       0x1e
 .text.__vector_10
                0x00000240       0x1e build/default/production/mcc_generated_files/driver_isr.o
                0x00000240                __vector_10

.text.__vector_11
                0x0000025e       0x1e
 .text.__vector_11
                0x0000025e       0x1e build/default/production/mcc_generated_files/driver_isr.o
                0x0000025e                __vector_11

.text.__vector_7
                0x000001dc       0x24
 .text.__vector_7
                0x000001dc       0x24 build/default/production/mcc_generated_files/driver_isr.o
                0x000001dc                __vector_7

.text.SLPCTRL_init
                0x000002e8        0x4
 .text.SLPCTRL_init
                0x000002e8        0x4 build/default/production/mcc_generated_files/src/slpctrl.o
                0x000002e8                SLPCTRL_init

.text.BOD_init  0x000002aa       0x10
 .text.BOD_init
                0x000002aa       0x10 build/default/production/mcc_generated_files/src/bod.o
                0x000002aa                BOD_init

.text.__vector_2
                0x0000027c       0x1e
 .text.__vector_2
                0x0000027c       0x1e build/default/production/mcc_generated_files/src/bod.o
                0x0000027c                __vector_2

.text.TCA_0_init
                0x000002ba       0x10
 .text.TCA_0_init
                0x000002ba       0x10 build/default/production/mcc_generated_files/src/tca0.o
                0x000002ba                TCA_0_init
